arvore k-d gerada
inserido registro com nome: jose segundo
inserido registro com nome: jose terceiro
pagina: 2
jose um
livro de jose
1950
livrodejose.txt
joana tres
livro de joana
1962
livrodejoana.txt
jose segundo
livro de jose s.
1949
livrodejoses.txt
jose terceiro
livro de jose t.
1949
livrodejoset.txt
nome: jose um
livro de jose
1950
livrodejose.txt
nao foi encontrado registro com nome: jose quarto
jose um
livro de jose
1950
livrodejose.txt
jose segundo
livro de jose s.
1949
livrodejoses.txt
jose terceiro
livro de jose t.
1949
livrodejoset.txt
maria dois
livro de maria
1974
livrodemaria.txt
nao foi encontrado registro com nome entre: "tom" e "ze"
joana tres
livro de joana
1962
livrodejoana.txt
nao foi encontrado registro com ano entre: 2000 e 2022
maria dois
livro de maria
1974
livrodemaria.txt
nome: alberto quatro fesq: pagina fdir: 1948
ano: 1948 fesq: pagina fdir: pagina
ano: 1962 fesq: alberto quatro fdir: pagina
nome: jose um fesq: 1962 fdir: 1974
nome: karen sete fesq: pagina fdir: pagina
ano: 1974 fesq: karen sete fdir: manoel cinco
nome: manoel cinco fesq: pagina fdir: pagina
